# 0-add_integer.txt
# Test Cases

>>> add_integer = __import__('0-add_integer').add_integer

>>> add_integer(1,2)
3

>>> add_integer(5, -2)
3

>>> add_integer(2.4, 9)
11

>>> add_integer(3.6, 4.8)
7

>>> add_integer(100.3, -2)
98

>>> add_integer("nope", 5)
Traceback (most recent call last):
TypeError: a must be an integer

>>> add_integer(3, "hello there")
Traceback (most recent call last):
TypeError: b must be an integer

>>> add_integer(4, None)
Traceback (most recent call last):
TypeError: b must be an integer

>>> add_integer(None, None)
Traceback (most recent call last):
TypeError: a must be an integer